KERNEL VERSION ------------------
Linux version 4.18.0-18-generic (buildd@lcy01-amd64-006) (gcc version 7.3.0 (Ubuntu 7.3.0-16ubuntu3)) #19~18.04.1-Ubuntu SMP Fri Apr 5 10:22:13 UTC 2019
 
CPU INFO ------------------------
processor	: 0
vendor_id	: GenuineIntel
cpu family	: 6
model		: 142
model name	: Intel(R) Core(TM) i7-7500U CPU @ 2.70GHz
stepping	: 9
microcode	: 0x8e
cpu MHz		: 2978.856
cache size	: 4096 KB
physical id	: 0
siblings	: 4
core id		: 0
cpu cores	: 2
apicid		: 0
initial apicid	: 0
fpu		: yes
fpu_exception	: yes
cpuid level	: 22
wp		: yes
flags		: fpu vme de pse tsc msr pae mce cx8 apic sep mtrr pge mca cmov pat pse36 clflush dts acpi mmx fxsr sse sse2 ss ht tm pbe syscall nx pdpe1gb rdtscp lm constant_tsc art arch_perfmon pebs bts rep_good nopl xtopology nonstop_tsc cpuid aperfmperf tsc_known_freq pni pclmulqdq dtes64 monitor ds_cpl vmx est tm2 ssse3 sdbg fma cx16 xtpr pdcm pcid sse4_1 sse4_2 x2apic movbe popcnt tsc_deadline_timer aes xsave avx f16c rdrand lahf_lm abm 3dnowprefetch cpuid_fault epb invpcid_single pti ssbd ibrs ibpb stibp tpr_shadow vnmi flexpriority ept vpid fsgsbase tsc_adjust bmi1 avx2 smep bmi2 erms invpcid mpx rdseed adx smap clflushopt intel_pt xsaveopt xsavec xgetbv1 xsaves dtherm ida arat pln pts hwp hwp_notify hwp_act_window hwp_epp flush_l1d
bugs		: cpu_meltdown spectre_v1 spectre_v2 spec_store_bypass l1tf
bogomips	: 5808.00
clflush size	: 64
cache_alignment	: 64
address sizes	: 39 bits physical, 48 bits virtual
power management:

processor	: 1
vendor_id	: GenuineIntel
cpu family	: 6
model		: 142
model name	: Intel(R) Core(TM) i7-7500U CPU @ 2.70GHz
stepping	: 9
microcode	: 0x8e
cpu MHz		: 2747.575
cache size	: 4096 KB
physical id	: 0
siblings	: 4
core id		: 1
cpu cores	: 2
apicid		: 2
initial apicid	: 2
fpu		: yes
fpu_exception	: yes
cpuid level	: 22
wp		: yes
flags		: fpu vme de pse tsc msr pae mce cx8 apic sep mtrr pge mca cmov pat pse36 clflush dts acpi mmx fxsr sse sse2 ss ht tm pbe syscall nx pdpe1gb rdtscp lm constant_tsc art arch_perfmon pebs bts rep_good nopl xtopology nonstop_tsc cpuid aperfmperf tsc_known_freq pni pclmulqdq dtes64 monitor ds_cpl vmx est tm2 ssse3 sdbg fma cx16 xtpr pdcm pcid sse4_1 sse4_2 x2apic movbe popcnt tsc_deadline_timer aes xsave avx f16c rdrand lahf_lm abm 3dnowprefetch cpuid_fault epb invpcid_single pti ssbd ibrs ibpb stibp tpr_shadow vnmi flexpriority ept vpid fsgsbase tsc_adjust bmi1 avx2 smep bmi2 erms invpcid mpx rdseed adx smap clflushopt intel_pt xsaveopt xsavec xgetbv1 xsaves dtherm ida arat pln pts hwp hwp_notify hwp_act_window hwp_epp flush_l1d
bugs		: cpu_meltdown spectre_v1 spectre_v2 spec_store_bypass l1tf
bogomips	: 5808.00
clflush size	: 64
cache_alignment	: 64
address sizes	: 39 bits physical, 48 bits virtual
power management:

processor	: 2
vendor_id	: GenuineIntel
cpu family	: 6
model		: 142
model name	: Intel(R) Core(TM) i7-7500U CPU @ 2.70GHz
stepping	: 9
microcode	: 0x8e
cpu MHz		: 2437.831
cache size	: 4096 KB
physical id	: 0
siblings	: 4
core id		: 0
cpu cores	: 2
apicid		: 1
initial apicid	: 1
fpu		: yes
fpu_exception	: yes
cpuid level	: 22
wp		: yes
flags		: fpu vme de pse tsc msr pae mce cx8 apic sep mtrr pge mca cmov pat pse36 clflush dts acpi mmx fxsr sse sse2 ss ht tm pbe syscall nx pdpe1gb rdtscp lm constant_tsc art arch_perfmon pebs bts rep_good nopl xtopology nonstop_tsc cpuid aperfmperf tsc_known_freq pni pclmulqdq dtes64 monitor ds_cpl vmx est tm2 ssse3 sdbg fma cx16 xtpr pdcm pcid sse4_1 sse4_2 x2apic movbe popcnt tsc_deadline_timer aes xsave avx f16c rdrand lahf_lm abm 3dnowprefetch cpuid_fault epb invpcid_single pti ssbd ibrs ibpb stibp tpr_shadow vnmi flexpriority ept vpid fsgsbase tsc_adjust bmi1 avx2 smep bmi2 erms invpcid mpx rdseed adx smap clflushopt intel_pt xsaveopt xsavec xgetbv1 xsaves dtherm ida arat pln pts hwp hwp_notify hwp_act_window hwp_epp flush_l1d
bugs		: cpu_meltdown spectre_v1 spectre_v2 spec_store_bypass l1tf
bogomips	: 5808.00
clflush size	: 64
cache_alignment	: 64
address sizes	: 39 bits physical, 48 bits virtual
power management:

processor	: 3
vendor_id	: GenuineIntel
cpu family	: 6
model		: 142
model name	: Intel(R) Core(TM) i7-7500U CPU @ 2.70GHz
stepping	: 9
microcode	: 0x8e
cpu MHz		: 2437.266
cache size	: 4096 KB
physical id	: 0
siblings	: 4
core id		: 1
cpu cores	: 2
apicid		: 3
initial apicid	: 3
fpu		: yes
fpu_exception	: yes
cpuid level	: 22
wp		: yes
flags		: fpu vme de pse tsc msr pae mce cx8 apic sep mtrr pge mca cmov pat pse36 clflush dts acpi mmx fxsr sse sse2 ss ht tm pbe syscall nx pdpe1gb rdtscp lm constant_tsc art arch_perfmon pebs bts rep_good nopl xtopology nonstop_tsc cpuid aperfmperf tsc_known_freq pni pclmulqdq dtes64 monitor ds_cpl vmx est tm2 ssse3 sdbg fma cx16 xtpr pdcm pcid sse4_1 sse4_2 x2apic movbe popcnt tsc_deadline_timer aes xsave avx f16c rdrand lahf_lm abm 3dnowprefetch cpuid_fault epb invpcid_single pti ssbd ibrs ibpb stibp tpr_shadow vnmi flexpriority ept vpid fsgsbase tsc_adjust bmi1 avx2 smep bmi2 erms invpcid mpx rdseed adx smap clflushopt intel_pt xsaveopt xsavec xgetbv1 xsaves dtherm ida arat pln pts hwp hwp_notify hwp_act_window hwp_epp flush_l1d
bugs		: cpu_meltdown spectre_v1 spectre_v2 spec_store_bypass l1tf
bogomips	: 5808.00
clflush size	: 64
cache_alignment	: 64
address sizes	: 39 bits physical, 48 bits virtual
power management:

 
RAM INFO ------------------------
MemTotal:       16342208 kB
MemFree:        13024448 kB
MemAvailable:   14406528 kB
Buffers:          107704 kB
Cached:          1798756 kB
SwapCached:            0 kB
Active:          1504192 kB
Inactive:        1432256 kB
Active(anon):    1031800 kB
Inactive(anon):   342888 kB
Active(file):     472392 kB
Inactive(file):  1089368 kB
Unevictable:          32 kB
Mlocked:              32 kB
SwapTotal:       2097148 kB
SwapFree:        2097148 kB
Dirty:                24 kB
Writeback:             0 kB
AnonPages:       1030032 kB
Mapped:           519628 kB
Shmem:            344492 kB
Slab:             247836 kB
SReclaimable:     151892 kB
SUnreclaim:        95944 kB
KernelStack:       10896 kB
PageTables:        37432 kB
NFS_Unstable:          0 kB
Bounce:                0 kB
WritebackTmp:          0 kB
CommitLimit:    10268252 kB
Committed_AS:    4762304 kB
VmallocTotal:   34359738367 kB
VmallocUsed:           0 kB
VmallocChunk:          0 kB
HardwareCorrupted:     0 kB
AnonHugePages:         0 kB
ShmemHugePages:        0 kB
ShmemPmdMapped:        0 kB
CmaTotal:              0 kB
CmaFree:               0 kB
HugePages_Total:       0
HugePages_Free:        0
HugePages_Rsvd:        0
HugePages_Surp:        0
Hugepagesize:       2048 kB
Hugetlb:               0 kB
DirectMap4k:      211276 kB
DirectMap2M:     5996544 kB
DirectMap1G:    10485760 kB
 
DISKS INFO ----------------------
Filesystem      Size  Used Avail Use% Mounted on
udev            8,4G     0  8,4G   0% /dev
tmpfs           1,7G  1,8M  1,7G   1% /run
/dev/sda1        59G   20G   37G  35% /
tmpfs           8,4G  101M  8,3G   2% /dev/shm
tmpfs           5,3M  4,1k  5,3M   1% /run/lock
tmpfs           8,4G     0  8,4G   0% /sys/fs/cgroup
/dev/loop1       94M   94M     0 100% /snap/core/6673
/dev/loop0       16M   16M     0 100% /snap/gnome-logs/45
/dev/loop3       14M   14M     0 100% /snap/gnome-characters/139
/dev/loop2       96M   96M     0 100% /snap/core/6350
/dev/loop4      4,0M  4,0M     0 100% /snap/gnome-system-monitor/57
/dev/loop5      110M  110M     0 100% /snap/sigrok-suite/45
/dev/loop7      151M  151M     0 100% /snap/gnome-3-28-1804/23
/dev/loop6      1,1M  1,1M     0 100% /snap/gnome-logs/57
/dev/loop8      656k  656k     0 100% /snap/indicator-sensors/111
/dev/loop9      148M  148M     0 100% /snap/gnome-3-26-1604/82
/dev/loop11     4,4M  4,4M     0 100% /snap/gnome-calculator/352
/dev/loop10     148M  148M     0 100% /snap/gnome-3-26-1604/74
/dev/loop12      37M   37M     0 100% /snap/gtk-common-themes/818
/dev/loop13      38M   38M     0 100% /snap/gtk-common-themes/1198
/dev/loop14     4,0M  4,0M     0 100% /snap/gnome-system-monitor/70
/dev/loop15     105M  105M     0 100% /snap/sensors-unity/75
/dev/loop17      16M   16M     0 100% /snap/gnome-characters/206
/dev/loop16      57M   57M     0 100% /snap/core18/782
/dev/loop18     2,4M  2,4M     0 100% /snap/gnome-calculator/260
tmpfs           1,7G   21k  1,7G   1% /run/user/1000
 
SSD INFO ------------------------
- NVME disks not found or nvme-cli didn't installed
 
smartctl 6.6 2016-05-31 r4324 [x86_64-linux-4.18.0-18-generic] (local build)
Copyright (C) 2002-16, Bruce Allen, Christian Franke, www.smartmontools.org

=== START OF INFORMATION SECTION ===
Model Family:     SandForce Driven SSDs
Device Model:     OCZ-VERTEX2
Serial Number:    OCZ-4153670RB11K3578
LU WWN Device Id: 5 e83a97 f30d9fced
Firmware Version: 1.37
User Capacity:    60 022 480 896 bytes [60,0 GB]
Sector Size:      512 bytes logical/physical
Rotation Rate:    Solid State Device
Device is:        In smartctl database [for details use: -P show]
ATA Version is:   ATA8-ACS T13/1699-D revision 6
SATA Version is:  SATA 2.6, 3.0 Gb/s
Local Time is:    Wed Apr 24 12:13:42 2019 +04
SMART support is: Available - device has SMART capability.
SMART support is: Enabled

NETWORK INFO --------------------
1: lo: <LOOPBACK,UP,LOWER_UP> mtu 65536 qdisc noqueue state UNKNOWN group default qlen 1000
    link/loopback 00:00:00:00:00:00 brd 00:00:00:00:00:00
    inet 127.0.0.1/8 scope host lo
       valid_lft forever preferred_lft forever
    inet6 ::1/128 scope host 
       valid_lft forever preferred_lft forever
2: enp1s0: <BROADCAST,MULTICAST,UP,LOWER_UP> mtu 1500 qdisc fq_codel state UP group default qlen 1000
    link/ether 00:e0:67:0b:80:1a brd ff:ff:ff:ff:ff:ff
    inet 192.168.1.43/24 brd 192.168.1.255 scope global dynamic noprefixroute enp1s0
       valid_lft 24016sec preferred_lft 24016sec
    inet6 fe80::6e6f:fc64:a330:9df0/64 scope link noprefixroute 
       valid_lft forever preferred_lft forever
3: enp2s0: <NO-CARRIER,BROADCAST,MULTICAST,UP> mtu 1500 qdisc fq_codel state DOWN group default qlen 1000
    link/ether 00:e0:67:0b:80:1b brd ff:ff:ff:ff:ff:ff
4: wwp0s20f0u8c2: <BROADCAST,MULTICAST> mtu 1500 qdisc noop state DOWN group default qlen 1000
    link/ether 02:1e:10:1f:00:00 brd ff:ff:ff:ff:ff:ff
5: docker0: <NO-CARRIER,BROADCAST,MULTICAST,UP> mtu 1500 qdisc noqueue state DOWN group default 
    link/ether 02:42:57:0d:7e:37 brd ff:ff:ff:ff:ff:ff
    inet 172.17.0.1/16 brd 172.17.255.255 scope global docker0
       valid_lft forever preferred_lft forever
    inet6 fe80::42:57ff:fe0d:7e37/64 scope link 
       valid_lft forever preferred_lft forever
 
USB DEVICES ---------------------
Bus 002 Device 001: ID 1d6b:0003 Linux Foundation 3.0 root hub
Bus 001 Device 004: ID 12d1:15c1 Huawei Technologies Co., Ltd. 
Bus 001 Device 003: ID 046d:c077 Logitech, Inc. M105 Optical Mouse
Bus 001 Device 002: ID 046d:c31c Logitech, Inc. Keyboard K120
Bus 001 Device 001: ID 1d6b:0002 Linux Foundation 2.0 root hub
 
PCI-E DEVICES -------------------
00:00.0 Host bridge: Intel Corporation Xeon E3-1200 v6/7th Gen Core Processor Host Bridge/DRAM Registers (rev 02)
	Subsystem: Intel Corporation Xeon E3-1200 v6/7th Gen Core Processor Host Bridge/DRAM Registers
	Flags: bus master, fast devsel, latency 0
	Capabilities: [e0] Vendor Specific Information: Len=10 <?>

00:02.0 VGA compatible controller: Intel Corporation HD Graphics 620 (rev 02) (prog-if 00 [VGA controller])
	Subsystem: Intel Corporation HD Graphics 620
	Flags: bus master, fast devsel, latency 0, IRQ 129
	Memory at de000000 (64-bit, non-prefetchable) [size=16M]
	Memory at c0000000 (64-bit, prefetchable) [size=256M]
	I/O ports at f000 [size=64]
	[virtual] Expansion ROM at 000c0000 [disabled] [size=128K]
	Capabilities: [40] Vendor Specific Information: Len=0c <?>
	Capabilities: [70] Express Root Complex Integrated Endpoint, MSI 00
	Capabilities: [ac] MSI: Enable+ Count=1/1 Maskable- 64bit-
	Capabilities: [d0] Power Management version 2
	Capabilities: [100] Process Address Space ID (PASID)
	Capabilities: [200] Address Translation Service (ATS)
	Capabilities: [300] Page Request Interface (PRI)
	Kernel driver in use: i915
	Kernel modules: i915

00:14.0 USB controller: Intel Corporation Sunrise Point-LP USB 3.0 xHCI Controller (rev 21) (prog-if 30 [XHCI])
	Subsystem: Intel Corporation Sunrise Point-LP USB 3.0 xHCI Controller
	Flags: bus master, medium devsel, latency 0, IRQ 124
	Memory at df210000 (64-bit, non-prefetchable) [size=64K]
	Capabilities: [70] Power Management version 2
	Capabilities: [80] MSI: Enable+ Count=1/8 Maskable- 64bit+
	Kernel driver in use: xhci_hcd

00:16.0 Communication controller: Intel Corporation Sunrise Point-LP CSME HECI #1 (rev 21)
	Subsystem: Intel Corporation Sunrise Point-LP CSME HECI
	Flags: bus master, fast devsel, latency 0, IRQ 128
	Memory at df22d000 (64-bit, non-prefetchable) [size=4K]
	Capabilities: [50] Power Management version 3
	Capabilities: [8c] MSI: Enable+ Count=1/1 Maskable- 64bit+
	Kernel driver in use: mei_me
	Kernel modules: mei_me

00:17.0 SATA controller: Intel Corporation Sunrise Point-LP SATA Controller [AHCI mode] (rev 21) (prog-if 01 [AHCI 1.0])
	Subsystem: Intel Corporation Sunrise Point-LP SATA Controller [AHCI mode]
	Flags: bus master, 66MHz, medium devsel, latency 0, IRQ 127
	Memory at df228000 (32-bit, non-prefetchable) [size=8K]
	Memory at df22c000 (32-bit, non-prefetchable) [size=256]
	I/O ports at f090 [size=8]
	I/O ports at f080 [size=4]
	I/O ports at f060 [size=32]
	Memory at df22b000 (32-bit, non-prefetchable) [size=2K]
	Capabilities: [80] MSI: Enable+ Count=1/1 Maskable- 64bit-
	Capabilities: [70] Power Management version 3
	Capabilities: [a8] SATA HBA v1.0
	Kernel driver in use: ahci
	Kernel modules: ahci

00:1c.0 PCI bridge: Intel Corporation Sunrise Point-LP PCI Express Root Port #3 (rev f1) (prog-if 00 [Normal decode])
	Flags: bus master, fast devsel, latency 0, IRQ 122
	Bus: primary=00, secondary=01, subordinate=01, sec-latency=0
	I/O behind bridge: 0000e000-0000efff
	Memory behind bridge: df100000-df1fffff
	Prefetchable memory behind bridge: 00000000d0100000-00000000d01fffff
	Capabilities: [40] Express Root Port (Slot+), MSI 00
	Capabilities: [80] MSI: Enable+ Count=1/1 Maskable- 64bit-
	Capabilities: [90] Subsystem: Intel Corporation Sunrise Point-LP PCI Express Root Port
	Capabilities: [a0] Power Management version 3
	Capabilities: [100] Advanced Error Reporting
	Capabilities: [140] Access Control Services
	Capabilities: [220] #19
	Kernel driver in use: pcieport

00:1c.3 PCI bridge: Intel Corporation Device 9d13 (rev f1) (prog-if 00 [Normal decode])
	Flags: bus master, fast devsel, latency 0, IRQ 123
	Bus: primary=00, secondary=02, subordinate=02, sec-latency=0
	I/O behind bridge: 0000d000-0000dfff
	Memory behind bridge: df000000-df0fffff
	Prefetchable memory behind bridge: 00000000d0000000-00000000d00fffff
	Capabilities: [40] Express Root Port (Slot+), MSI 00
	Capabilities: [80] MSI: Enable+ Count=1/1 Maskable- 64bit-
	Capabilities: [90] Subsystem: Intel Corporation Device 7270
	Capabilities: [a0] Power Management version 3
	Capabilities: [100] Advanced Error Reporting
	Capabilities: [140] Access Control Services
	Capabilities: [220] #19
	Kernel driver in use: pcieport

00:1f.0 ISA bridge: Intel Corporation Intel(R) 100 Series Chipset Family LPC Controller/eSPI Controller - 9D4E (rev 21)
	Subsystem: Intel Corporation Device 7270
	Flags: bus master, medium devsel, latency 0

00:1f.2 Memory controller: Intel Corporation Sunrise Point-LP PMC (rev 21)
	Subsystem: Intel Corporation Sunrise Point-LP PMC
	Flags: bus master, fast devsel, latency 0
	Memory at df224000 (32-bit, non-prefetchable) [size=16K]

00:1f.3 Audio device: Intel Corporation Sunrise Point-LP HD Audio (rev 21)
	Subsystem: Intel Corporation Sunrise Point-LP HD Audio
	Flags: bus master, fast devsel, latency 32, IRQ 130
	Memory at df220000 (64-bit, non-prefetchable) [size=16K]
	Memory at df200000 (64-bit, non-prefetchable) [size=64K]
	Capabilities: [50] Power Management version 3
	Capabilities: [60] MSI: Enable+ Count=1/1 Maskable- 64bit+
	Kernel driver in use: snd_hda_intel
	Kernel modules: snd_hda_intel, snd_soc_skl

00:1f.4 SMBus: Intel Corporation Sunrise Point-LP SMBus (rev 21)
	Subsystem: Intel Corporation Sunrise Point-LP SMBus
	Flags: medium devsel, IRQ 11
	Memory at df22a000 (64-bit, non-prefetchable) [size=256]
	I/O ports at f040 [size=32]
	Kernel modules: i2c_i801

01:00.0 Ethernet controller: Realtek Semiconductor Co., Ltd. RTL8111/8168/8411 PCI Express Gigabit Ethernet Controller (rev 07)
	Subsystem: Realtek Semiconductor Co., Ltd. RTL8111/8168/8411 PCI Express Gigabit Ethernet Controller
	Flags: bus master, fast devsel, latency 0, IRQ 18
	I/O ports at e000 [size=256]
	Memory at df100000 (64-bit, non-prefetchable) [size=4K]
	Memory at d0100000 (64-bit, prefetchable) [size=16K]
	Capabilities: [40] Power Management version 3
	Capabilities: [50] MSI: Enable- Count=1/1 Maskable- 64bit+
	Capabilities: [70] Express Endpoint, MSI 01
	Capabilities: [b0] MSI-X: Enable+ Count=4 Masked-
	Capabilities: [d0] Vital Product Data
	Capabilities: [100] Advanced Error Reporting
	Capabilities: [140] Virtual Channel
	Capabilities: [160] Device Serial Number 01-00-00-00-68-4c-e0-00
	Kernel driver in use: r8169
	Kernel modules: r8169

02:00.0 Ethernet controller: Realtek Semiconductor Co., Ltd. RTL8111/8168/8411 PCI Express Gigabit Ethernet Controller (rev 07)
	Subsystem: Realtek Semiconductor Co., Ltd. RTL8111/8168/8411 PCI Express Gigabit Ethernet Controller
	Flags: bus master, fast devsel, latency 0, IRQ 19
	I/O ports at d000 [size=256]
	Memory at df000000 (64-bit, non-prefetchable) [size=4K]
	Memory at d0000000 (64-bit, prefetchable) [size=16K]
	Capabilities: [40] Power Management version 3
	Capabilities: [50] MSI: Enable- Count=1/1 Maskable- 64bit+
	Capabilities: [70] Express Endpoint, MSI 01
	Capabilities: [b0] MSI-X: Enable+ Count=4 Masked-
	Capabilities: [d0] Vital Product Data
	Capabilities: [100] Advanced Error Reporting
	Capabilities: [140] Virtual Channel
	Capabilities: [160] Device Serial Number 01-00-00-00-68-4c-e0-00
	Kernel driver in use: r8169
	Kernel modules: r8169

 
